<html>
<body>
<pre>
<h1>µVision Build Log</h1>
<h2>Tool Versions:</h2>
IDE-Version: µVision V5.43.1.0
Copyright (C) 2025 ARM Ltd and ARM Germany GmbH. All rights reserved.
License Information: Sang ADMIN, KMA, LIC=ZB4EI-T966R-KPSZY-IJWJP-PY1SK-JMVBH
 
Tool Versions:
Toolchain:       MDK-ARM Plus  Version: 5.43.0.0
Toolchain Path:  D:\PhamVanSang_Embedded\My_IDE\STM32_IDE\KeilC\Core\ARM\ARMCLANG\Bin
C Compiler:      ArmClang.exe V6.24
Assembler:       Armasm.exe V6.24
Linker/Locator:  ArmLink.exe V6.24
Library Manager: ArmAr.exe V6.24
Hex Converter:   FromElf.exe V6.24
CPU DLL:         SARMCM3.DLL V5.43.0.0
Dialog DLL:      DCM.DLL V1.17.5.0
Target DLL:      STLink\ST-LINKIII-KEIL_SWO.dll V3.3.1.0
Dialog DLL:      TCM.DLL V1.56.6.0
 
<h2>Project:</h2>
D:\PhamVanSang_Embedded\My_Project\Project_ESP32\Update_OTA\Stm32_bootloader\MDK-ARM\Stm32_bootloader.uvprojx
Project File Date:  07/29/2026

<h2>Output:</h2>
*** Using Compiler 'V6.24', folder: 'D:\PhamVanSang_Embedded\My_IDE\STM32_IDE\KeilC\Core\ARM\ARMCLANG\Bin'
Build target 'Stm32_bootloader'
compiling bootloader.c...
linking...
Program Size: Code=8942 RO-data=310 RW-data=12 ZI-data=3404  
FromELF: creating hex file...
"Stm32_bootloader\Stm32_bootloader.axf" - 0 Error(s), 0 Warning(s).

<h2>Software Packages used:</h2>

Package Vendor: ARM
                https://www.keil.com/pack/ARM.CMSIS.6.3.0.pack
                ARM::CMSIS@6.3.0
                CMSIS (Common Microcontroller Software Interface Standard)
   * Component: CORE Version: 6.2.0

Package Vendor: Keil
                https://www.keil.com/pack/Keil.STM32F1xx_DFP.2.4.1.pack
                Keil::STM32F1xx_DFP@2.4.1
                STMicroelectronics STM32F1 Series Device Support, Drivers and Examples

<h2>Collection of Component include folders:</h2>
  ./RTE/_Stm32_bootloader
  D:/PhamVanSang_Embedded/My_IDE/STM32_IDE/KeilC/Pack/ARM/CMSIS/6.3.0/CMSIS/Core/Include
  D:/PhamVanSang_Embedded/My_IDE/STM32_IDE/KeilC/Pack/Keil/STM32F1xx_DFP/2.4.1/Device/Include

<h2>Collection of Component Files used:</h2>

   * Component: ARM::CMSIS:CORE@6.2.0
      Include file:  CMSIS/Core/Include/tz_context.h
Build Time Elapsed:  00:00:00
</pre>
</body>
</html>
